// Jest Snapshot v1, https://goo.gl/fbAQLP

exports[`crashy transform 1`] = `"<!DOCTYPE html><html><head><title>Test Page</title></head><body><div class=\\"added\\">this is the root</div><img src=\\"hi.jpg\\" width=\\"100\\"></body></html>"`;

exports[`crashy transform 2`] = `"Error during DOM transform of file.html: Crash!"`;

exports[`integration doctype.html 1`] = `"<!DOCTYPE html><html><head><title>Test Page</title></head><body><div class=\\"added\\">this is the root</div><img src=\\"hi.jpg\\" width=\\"100\\"></body></html>"`;

exports[`integration fragment.html 1`] = `"<div class=\\"added\\">Root</div>"`;

exports[`integration ignore-non-html.jpg 1`] = `"<div>Hi</div>"`;

exports[`integration invalid.html 1`] = `"<<<fw8ag ==<<"`;

exports[`integration nochanges.html 1`] = `"<title>Test Page</title><p>nothing <em>here"`;

exports[`integration nodoctype.html 1`] = `"<html><head><title>Test Page</title></head><body><div class=\\"added\\">this is the root</div><img src=\\"hi.jpg\\" width=\\"100\\"></body></html>"`;
